data\gfx\plr_pics\kopp.bmp
data\gfx\plr_pics\mafuba.bmp
data\gfx\plr_pics\robert.bmp
data\gfx\plr_pics\rohr.bmp
data\gfx\plr_pics\hossein.bmp
data\gfx\btn1_0.bmp
data\gfx\btn1_1.bmp
data\gfx\btn2_0.bmp
data\gfx\btn2_1.bmp
data\gfx\btn3_0.bmp
data\gfx\btn3_1.bmp
data\gfx\btn4_0.bmp
data\gfx\btn4_1.bmp
data\gfx\btn5_0.bmp
data\gfx\btn5_1.bmp
data\gfx\btn6_0.bmp
data\gfx\btn6_1.bmp
data\gfx\btn7_0.bmp
data\gfx\btn7_1.bmp
data\gfx\copyright.bmp
data\gfx\dsoee0.bmp
data\gfx\dsoee1.bmp
data\gfx\dsoee10.bmp
data\gfx\dsoee11.bmp
data\gfx\dsoee12.bmp
data\gfx\dsoee2.bmp
data\gfx\dsoee3.bmp
data\gfx\dsoee4.bmp
data\gfx\dsoee5.bmp
data\gfx\dsoee6.bmp
data\gfx\dsoee7.bmp
data\gfx\dsoee8.bmp
data\gfx\dsoee9.bmp
data\gfx\exit0btn.bmp
data\gfx\exit1btn.bmp
data\gfx\isoee0.bmp
data\gfx\isoee1.bmp
data\gfx\isoee10.bmp
data\gfx\isoee11.bmp
data\gfx\isoee12.bmp
data\gfx\isoee2.bmp
data\gfx\isoee3.bmp
data\gfx\isoee4.bmp
data\gfx\isoee5.bmp
data\gfx\isoee6.bmp
data\gfx\isoee7.bmp
data\gfx\isoee8.bmp
data\gfx\isoee9.bmp
data\gfx\min0btn.bmp
data\gfx\min1btn.bmp
data\gfx\notused.bmp
data\gfx\level1.bmp
data\gfx\spm.bmp
data\gfx\title.bmp
data\gfx\mpm.bmp
data\gfx\dedicate.bmp
data\gfx\btn8_0.bmp
data\gfx\btn8_1.bmp
data\gfx\btn9_0.bmp
data\gfx\btn9_1.bmp
data\gfx\ng_list.bmp
data\gfx\cng.bmp
data\gfx\btn10_0.bmp
data\gfx\btn10_1.bmp
data\gfx\research.bmp
data\gfx\jng.bmp
data\snd\select.wav
data\snd\music.wav
data\sys\level.lst
data\sys\player.lst
data\sys\rohr.c4p
data\sys\kopp.c4p
data\sys\mafuba.c4p
data\sys\robert.c4p
data\sys\hossein.c4p
data\sys\sound.c4g
data\sys\graphics.c4g
data\sys\material.c4g
data\sys\music.c4g
data\sys\objects.c4d
data\sys\engine.exe
data\sys\level1.c4s
